GDTEST_ANALYZER_ERROR
>> ERROR at line 1: Cyclic inheritance.
