GDTEST_RUNTIME_ERROR
>> SCRIPT ERROR at runtime/errors/division_by_zero.gd:3 on subtest_int(): Division by zero error in operator '/'.
>> SCRIPT ERROR at runtime/errors/division_by_zero.gd:8 on subtest_vector_2i(): Division by zero error in operator '/'.
>> SCRIPT ERROR at runtime/errors/division_by_zero.gd:13 on subtest_vector_3i(): Division by zero error in operator '/'.
>> SCRIPT ERROR at runtime/errors/division_by_zero.gd:18 on subtest_vector_4i(): Division by zero error in operator '/'.
