GDTEST_PARSER_ERROR
Unexpected "error" in class body.
