GDTEST_ANALYZER_ERROR
Cannot have an element of type "OtherClass" in an array of type "Array[SomeTrait]".
